// Vitest Snapshot v1

exports[`<CommonLayout /> > Check snapshot 1`] = `<DocumentFragment />`;
