// Vitest Snapshot v1

exports[`<Book /> > Check snapshot 1`] = `
<DocumentFragment>
  <div
    class="_container_f3f7d0"
  >
    <header
      class="_header_f3f7d0"
    >
      <div
        class="_container_46c4bf"
      >
        <div
          class="_container_5bb206"
        >
          Ice & Fire
        </div>
      </div>
    </header>
    <main
      class="_main_f3f7d0"
    >
      <div
        class="_container_596068"
      >
        books details, characters
      </div>
    </main>
  </div>
</DocumentFragment>
`;
